Archive member included because of file (symbol)

/usr/lib/gcc/avr/4.8.1/avr4/libgcc.a(_udivmodsi4.o)
                              ./src/main/c/twi_sample/TWI_Slave/TWI_Slave.o (__udivmodsi4)
/usr/lib/gcc/avr/4.8.1/avr4/libgcc.a(_exit.o)
                              /usr/lib/gcc/avr/4.8.1/../../../avr/lib/avr4/crtm8.o (exit)
/usr/lib/gcc/avr/4.8.1/avr4/libgcc.a(_copy_data.o)
                              ./src/main/c/twi-slave-from-sample.o (__do_copy_data)

Memory Configuration

Name             Origin             Length             Attributes
text             0x0000000000000000 0x0000000000002000 xr
data             0x0000000000800060 0x000000000000ffa0 rw !x
eeprom           0x0000000000810000 0x0000000000010000 rw !x
fuse             0x0000000000820000 0x0000000000000400 rw !x
lock             0x0000000000830000 0x0000000000000400 rw !x
signature        0x0000000000840000 0x0000000000000400 rw !x
user_signatures  0x0000000000850000 0x0000000000000400 rw !x
*default*        0x0000000000000000 0xffffffffffffffff

Linker script and memory map

LOAD /usr/lib/gcc/avr/4.8.1/../../../avr/lib/avr4/crtm8.o
LOAD ./src/main/c/twi_sample/TWI_Slave/Delay.o
LOAD ./src/main/c/twi_sample/TWI_Slave/TWI_Slave.o
LOAD ./src/main/c/adc_sample/adc-sample.o
LOAD ./src/main/c/twi-slave-from-sample.o
START GROUP
LOAD /usr/lib/gcc/avr/4.8.1/avr4/libgcc.a
LOAD /usr/lib/gcc/avr/4.8.1/../../../avr/lib/avr4/libm.a
LOAD /usr/lib/gcc/avr/4.8.1/../../../avr/lib/avr4/libc.a
END GROUP

.hash
 *(.hash)

.dynsym
 *(.dynsym)

.dynstr
 *(.dynstr)

.gnu.version
 *(.gnu.version)

.gnu.version_d
 *(.gnu.version_d)

.gnu.version_r
 *(.gnu.version_r)

.rel.init
 *(.rel.init)

.rela.init
 *(.rela.init)

.rel.text
 *(.rel.text)
 *(.rel.text.*)
 *(.rel.gnu.linkonce.t*)

.rela.text
 *(.rela.text)
 *(.rela.text.*)
 *(.rela.gnu.linkonce.t*)

.rel.fini
 *(.rel.fini)

.rela.fini
 *(.rela.fini)

.rel.rodata
 *(.rel.rodata)
 *(.rel.rodata.*)
 *(.rel.gnu.linkonce.r*)

.rela.rodata
 *(.rela.rodata)
 *(.rela.rodata.*)
 *(.rela.gnu.linkonce.r*)

.rel.data
 *(.rel.data)
 *(.rel.data.*)
 *(.rel.gnu.linkonce.d*)

.rela.data
 *(.rela.data)
 *(.rela.data.*)
 *(.rela.gnu.linkonce.d*)

.rel.ctors
 *(.rel.ctors)

.rela.ctors
 *(.rela.ctors)

.rel.dtors
 *(.rel.dtors)

.rela.dtors
 *(.rela.dtors)

.rel.got
 *(.rel.got)

.rela.got
 *(.rela.got)

.rel.bss
 *(.rel.bss)

.rela.bss
 *(.rela.bss)

.rel.plt
 *(.rel.plt)

.rela.plt
 *(.rela.plt)

.text           0x0000000000000000      0x694
 *(.vectors)
 .vectors       0x0000000000000000       0x26 /usr/lib/gcc/avr/4.8.1/../../../avr/lib/avr4/crtm8.o
                0x0000000000000000                __vectors
                0x0000000000000000                __vector_default
 *(.vectors)
 *(.progmem.gcc*)
                0x0000000000000026                . = ALIGN (0x2)
                0x0000000000000026                __trampolines_start = .
 *(.trampolines)
 .trampolines   0x0000000000000026        0x0 linker stubs
 *(.trampolines*)
                0x0000000000000026                __trampolines_end = .
 *(.progmem*)
                0x0000000000000026                . = ALIGN (0x2)
 *(.jumptables)
 *(.jumptables*)
 *(.lowtext)
 *(.lowtext*)
                0x0000000000000026                __ctors_start = .
 *(.ctors)
                0x0000000000000026                __ctors_end = .
                0x0000000000000026                __dtors_start = .
 *(.dtors)
                0x0000000000000026                __dtors_end = .
 SORT(*)(.ctors)
 SORT(*)(.dtors)
 *(.init0)
 .init0         0x0000000000000026        0x0 /usr/lib/gcc/avr/4.8.1/../../../avr/lib/avr4/crtm8.o
                0x0000000000000026                __init
 *(.init0)
 *(.init1)
 *(.init1)
 *(.init2)
 .init2         0x0000000000000026        0xc /usr/lib/gcc/avr/4.8.1/../../../avr/lib/avr4/crtm8.o
 *(.init2)
 *(.init3)
 *(.init3)
 *(.init4)
 .init4         0x0000000000000032       0x16 /usr/lib/gcc/avr/4.8.1/avr4/libgcc.a(_copy_data.o)
                0x0000000000000032                __do_copy_data
 *(.init4)
 *(.init5)
 *(.init5)
 *(.init6)
 *(.init6)
 *(.init7)
 *(.init7)
 *(.init8)
 *(.init8)
 *(.init9)
 .init9         0x0000000000000048        0x4 /usr/lib/gcc/avr/4.8.1/../../../avr/lib/avr4/crtm8.o
 *(.init9)
 *(.text)
 .text          0x000000000000004c        0x2 /usr/lib/gcc/avr/4.8.1/../../../avr/lib/avr4/crtm8.o
                0x000000000000004c                __vector_1
                0x000000000000004c                __vector_12
                0x000000000000004c                __bad_interrupt
                0x000000000000004c                __vector_6
                0x000000000000004c                __vector_3
                0x000000000000004c                __vector_11
                0x000000000000004c                __vector_13
                0x000000000000004c                __vector_17
                0x000000000000004c                __vector_7
                0x000000000000004c                __vector_5
                0x000000000000004c                __vector_4
                0x000000000000004c                __vector_9
                0x000000000000004c                __vector_2
                0x000000000000004c                __vector_15
                0x000000000000004c                __vector_8
                0x000000000000004c                __vector_14
                0x000000000000004c                __vector_10
                0x000000000000004c                __vector_16
                0x000000000000004c                __vector_18
 .text          0x000000000000004e        0x0 ./src/main/c/twi_sample/TWI_Slave/Delay.o
 .text          0x000000000000004e        0x0 ./src/main/c/twi_sample/TWI_Slave/TWI_Slave.o
 .text          0x000000000000004e        0x0 ./src/main/c/adc_sample/adc-sample.o
 .text          0x000000000000004e        0x0 ./src/main/c/twi-slave-from-sample.o
 .text          0x000000000000004e        0x0 /usr/lib/gcc/avr/4.8.1/avr4/libgcc.a(_udivmodsi4.o)
 .text          0x000000000000004e        0x0 /usr/lib/gcc/avr/4.8.1/avr4/libgcc.a(_exit.o)
 .text          0x000000000000004e        0x0 /usr/lib/gcc/avr/4.8.1/avr4/libgcc.a(_copy_data.o)
                0x000000000000004e                . = ALIGN (0x2)
 *(.text.*)
 .text.Delayloop32
                0x000000000000004e       0x48 ./src/main/c/twi_sample/TWI_Slave/Delay.o
                0x000000000000004e                Delayloop32
 .text.TWIS_Init
                0x0000000000000096       0x90 ./src/main/c/twi_sample/TWI_Slave/TWI_Slave.o
                0x0000000000000096                TWIS_Init
 .text.TWIS_Stop
                0x0000000000000126       0x18 ./src/main/c/twi_sample/TWI_Slave/TWI_Slave.o
                0x0000000000000126                TWIS_Stop
 .text.TWIS_Write
                0x000000000000013e       0x36 ./src/main/c/twi_sample/TWI_Slave/TWI_Slave.o
                0x000000000000013e                TWIS_Write
 .text.TWIS_ReadAck
                0x0000000000000174       0x2e ./src/main/c/twi_sample/TWI_Slave/TWI_Slave.o
                0x0000000000000174                TWIS_ReadAck
 .text.TWIS_ReadNack
                0x00000000000001a2       0x2e ./src/main/c/twi_sample/TWI_Slave/TWI_Slave.o
                0x00000000000001a2                TWIS_ReadNack
 .text.TWIS_ResonseRequired
                0x00000000000001d0       0x32 ./src/main/c/twi_sample/TWI_Slave/TWI_Slave.o
                0x00000000000001d0                TWIS_ResonseRequired
 .text.main2    0x0000000000000202       0x86 ./src/main/c/adc_sample/adc-sample.o
                0x0000000000000202                main2
 .text.writeReadTwiData
                0x0000000000000288      0x112 ./src/main/c/twi-slave-from-sample.o
                0x0000000000000288                writeReadTwiData
 .text.setDirectionToForward
                0x000000000000039a        0xe ./src/main/c/twi-slave-from-sample.o
                0x000000000000039a                setDirectionToForward
 .text.setDirectionToBackward
                0x00000000000003a8        0xe ./src/main/c/twi-slave-from-sample.o
                0x00000000000003a8                setDirectionToBackward
 .text.setDirection
                0x00000000000003b6       0x3a ./src/main/c/twi-slave-from-sample.o
                0x00000000000003b6                setDirection
 .text.setOcr   0x00000000000003f0      0x16a ./src/main/c/twi-slave-from-sample.o
                0x00000000000003f0                setOcr
 .text.main     0x000000000000055a       0xf2 ./src/main/c/twi-slave-from-sample.o
                0x000000000000055a                main
 .text.libgcc.mul
                0x000000000000064c        0x0 /usr/lib/gcc/avr/4.8.1/avr4/libgcc.a(_udivmodsi4.o)
 .text.libgcc.div
                0x000000000000064c       0x44 /usr/lib/gcc/avr/4.8.1/avr4/libgcc.a(_udivmodsi4.o)
                0x000000000000064c                __udivmodsi4
 .text.libgcc   0x0000000000000690        0x0 /usr/lib/gcc/avr/4.8.1/avr4/libgcc.a(_udivmodsi4.o)
 .text.libgcc.prologue
                0x0000000000000690        0x0 /usr/lib/gcc/avr/4.8.1/avr4/libgcc.a(_udivmodsi4.o)
 .text.libgcc.builtins
                0x0000000000000690        0x0 /usr/lib/gcc/avr/4.8.1/avr4/libgcc.a(_udivmodsi4.o)
 .text.libgcc.fmul
                0x0000000000000690        0x0 /usr/lib/gcc/avr/4.8.1/avr4/libgcc.a(_udivmodsi4.o)
 .text.libgcc.fixed
                0x0000000000000690        0x0 /usr/lib/gcc/avr/4.8.1/avr4/libgcc.a(_udivmodsi4.o)
 .text.libgcc.mul
                0x0000000000000690        0x0 /usr/lib/gcc/avr/4.8.1/avr4/libgcc.a(_exit.o)
 .text.libgcc.div
                0x0000000000000690        0x0 /usr/lib/gcc/avr/4.8.1/avr4/libgcc.a(_exit.o)
 .text.libgcc   0x0000000000000690        0x0 /usr/lib/gcc/avr/4.8.1/avr4/libgcc.a(_exit.o)
 .text.libgcc.prologue
                0x0000000000000690        0x0 /usr/lib/gcc/avr/4.8.1/avr4/libgcc.a(_exit.o)
 .text.libgcc.builtins
                0x0000000000000690        0x0 /usr/lib/gcc/avr/4.8.1/avr4/libgcc.a(_exit.o)
 .text.libgcc.fmul
                0x0000000000000690        0x0 /usr/lib/gcc/avr/4.8.1/avr4/libgcc.a(_exit.o)
 .text.libgcc.fixed
                0x0000000000000690        0x0 /usr/lib/gcc/avr/4.8.1/avr4/libgcc.a(_exit.o)
 .text.libgcc.mul
                0x0000000000000690        0x0 /usr/lib/gcc/avr/4.8.1/avr4/libgcc.a(_copy_data.o)
 .text.libgcc.div
                0x0000000000000690        0x0 /usr/lib/gcc/avr/4.8.1/avr4/libgcc.a(_copy_data.o)
 .text.libgcc   0x0000000000000690        0x0 /usr/lib/gcc/avr/4.8.1/avr4/libgcc.a(_copy_data.o)
 .text.libgcc.prologue
                0x0000000000000690        0x0 /usr/lib/gcc/avr/4.8.1/avr4/libgcc.a(_copy_data.o)
 .text.libgcc.builtins
                0x0000000000000690        0x0 /usr/lib/gcc/avr/4.8.1/avr4/libgcc.a(_copy_data.o)
 .text.libgcc.fmul
                0x0000000000000690        0x0 /usr/lib/gcc/avr/4.8.1/avr4/libgcc.a(_copy_data.o)
 .text.libgcc.fixed
                0x0000000000000690        0x0 /usr/lib/gcc/avr/4.8.1/avr4/libgcc.a(_copy_data.o)
                0x0000000000000690                . = ALIGN (0x2)
 *(.fini9)
 .fini9         0x0000000000000690        0x0 /usr/lib/gcc/avr/4.8.1/avr4/libgcc.a(_exit.o)
                0x0000000000000690                exit
                0x0000000000000690                _exit
 *(.fini9)
 *(.fini8)
 *(.fini8)
 *(.fini7)
 *(.fini7)
 *(.fini6)
 *(.fini6)
 *(.fini5)
 *(.fini5)
 *(.fini4)
 *(.fini4)
 *(.fini3)
 *(.fini3)
 *(.fini2)
 *(.fini2)
 *(.fini1)
 *(.fini1)
 *(.fini0)
 .fini0         0x0000000000000690        0x4 /usr/lib/gcc/avr/4.8.1/avr4/libgcc.a(_exit.o)
 *(.fini0)
                0x0000000000000694                _etext = .

.data           0x0000000000800060        0x6 load address 0x0000000000000694
                0x0000000000800060                PROVIDE (__data_start, .)
 *(.data)
 .data          0x0000000000800060        0x0 /usr/lib/gcc/avr/4.8.1/../../../avr/lib/avr4/crtm8.o
 .data          0x0000000000800060        0x0 ./src/main/c/twi_sample/TWI_Slave/Delay.o
 .data          0x0000000000800060        0x0 ./src/main/c/twi_sample/TWI_Slave/TWI_Slave.o
 .data          0x0000000000800060        0x0 ./src/main/c/adc_sample/adc-sample.o
 .data          0x0000000000800060        0x0 ./src/main/c/twi-slave-from-sample.o
 .data          0x0000000000800060        0x0 /usr/lib/gcc/avr/4.8.1/avr4/libgcc.a(_udivmodsi4.o)
 .data          0x0000000000800060        0x0 /usr/lib/gcc/avr/4.8.1/avr4/libgcc.a(_exit.o)
 .data          0x0000000000800060        0x0 /usr/lib/gcc/avr/4.8.1/avr4/libgcc.a(_copy_data.o)
 *(.data*)
 *(.rodata)
 .rodata        0x0000000000800060        0x5 ./src/main/c/twi-slave-from-sample.o
 *(.rodata*)
 *(.gnu.linkonce.d*)
                0x0000000000800066                . = ALIGN (0x2)
 *fill*         0x0000000000800065        0x1 
                0x0000000000800066                _edata = .
                0x0000000000800066                PROVIDE (__data_end, .)

.bss            0x0000000000800066        0x0
                0x0000000000800066                PROVIDE (__bss_start, .)
 *(.bss)
 .bss           0x0000000000800066        0x0 /usr/lib/gcc/avr/4.8.1/../../../avr/lib/avr4/crtm8.o
 .bss           0x0000000000800066        0x0 ./src/main/c/twi_sample/TWI_Slave/Delay.o
 .bss           0x0000000000800066        0x0 ./src/main/c/twi_sample/TWI_Slave/TWI_Slave.o
 .bss           0x0000000000800066        0x0 ./src/main/c/adc_sample/adc-sample.o
 .bss           0x0000000000800066        0x0 ./src/main/c/twi-slave-from-sample.o
 .bss           0x0000000000800066        0x0 /usr/lib/gcc/avr/4.8.1/avr4/libgcc.a(_udivmodsi4.o)
 .bss           0x0000000000800066        0x0 /usr/lib/gcc/avr/4.8.1/avr4/libgcc.a(_exit.o)
 .bss           0x0000000000800066        0x0 /usr/lib/gcc/avr/4.8.1/avr4/libgcc.a(_copy_data.o)
 *(.bss*)
 *(COMMON)
                0x0000000000800066                PROVIDE (__bss_end, .)
                0x0000000000000694                __data_load_start = LOADADDR (.data)
                0x000000000000069a                __data_load_end = (__data_load_start + SIZEOF (.data))

.noinit         0x0000000000800066        0x0
                0x0000000000800066                PROVIDE (__noinit_start, .)
 *(.noinit*)
                0x0000000000800066                PROVIDE (__noinit_end, .)
                0x0000000000800066                _end = .
                0x0000000000800066                PROVIDE (__heap_start, .)

.eeprom         0x0000000000810000        0x0
 *(.eeprom*)
                0x0000000000810000                __eeprom_end = .

.fuse
 *(.fuse)
 *(.lfuse)
 *(.hfuse)
 *(.efuse)

.lock
 *(.lock*)

.signature
 *(.signature*)

.user_signatures
 *(.user_signatures*)

.stab           0x0000000000000000     0x13c8
 *(.stab)
 .stab          0x0000000000000000      0x4c8 ./src/main/c/twi_sample/TWI_Slave/Delay.o
 .stab          0x00000000000004c8      0x54c ./src/main/c/twi_sample/TWI_Slave/TWI_Slave.o
                                        0x708 (size before relaxing)
 .stab          0x0000000000000a14      0x330 ./src/main/c/adc_sample/adc-sample.o
                                        0x4f8 (size before relaxing)
 .stab          0x0000000000000d44      0x684 ./src/main/c/twi-slave-from-sample.o
                                        0x8b8 (size before relaxing)

.stabstr        0x0000000000000000     0x1059
 *(.stabstr)
 .stabstr       0x0000000000000000     0x1059 ./src/main/c/twi_sample/TWI_Slave/Delay.o

.stab.excl
 *(.stab.excl)

.stab.exclstr
 *(.stab.exclstr)

.stab.index
 *(.stab.index)

.stab.indexstr
 *(.stab.indexstr)

.comment        0x0000000000000000       0x11
 *(.comment)
 .comment       0x0000000000000000       0x11 ./src/main/c/twi_sample/TWI_Slave/Delay.o
                                         0x12 (size before relaxing)
 .comment       0x0000000000000000       0x12 ./src/main/c/twi_sample/TWI_Slave/TWI_Slave.o
 .comment       0x0000000000000000       0x12 ./src/main/c/adc_sample/adc-sample.o
 .comment       0x0000000000000000       0x12 ./src/main/c/twi-slave-from-sample.o

.note.gnu.build-id
 *(.note.gnu.build-id)

.debug
 *(.debug)

.line
 *(.line)

.debug_srcinfo
 *(.debug_srcinfo)

.debug_sfnames
 *(.debug_sfnames)

.debug_aranges
 *(.debug_aranges)

.debug_pubnames
 *(.debug_pubnames)

.debug_info
 *(.debug_info .gnu.linkonce.wi.*)

.debug_abbrev
 *(.debug_abbrev)

.debug_line
 *(.debug_line .debug_line.* .debug_line_end)

.debug_frame
 *(.debug_frame)

.debug_str
 *(.debug_str)

.debug_loc
 *(.debug_loc)

.debug_macinfo
 *(.debug_macinfo)

.debug_weaknames
 *(.debug_weaknames)

.debug_funcnames
 *(.debug_funcnames)

.debug_typenames
 *(.debug_typenames)

.debug_varnames
 *(.debug_varnames)

.debug_pubtypes
 *(.debug_pubtypes)

.debug_ranges
 *(.debug_ranges)

.debug_macro
 *(.debug_macro)
OUTPUT(PWM.elf elf32-avr)
LOAD linker stubs
