Archive member included because of file (symbol)

/usr/lib/gcc/avr/4.8.1/avr4/libgcc.a(_udivmodsi4.o)
                              ./src/main/c/twi_sample/TWI_Slave/TWI_Slave.o (__udivmodsi4)
/usr/lib/gcc/avr/4.8.1/avr4/libgcc.a(_exit.o)
                              /usr/lib/gcc/avr/4.8.1/../../../avr/lib/avr4/crtm8.o (exit)
/usr/lib/gcc/avr/4.8.1/avr4/libgcc.a(_clear_bss.o)
                              ./src/main/c/twislave/twislave.o (__do_clear_bss)

Allocating common symbols
Common symbol       size              file

buffer_adr          0x1               ./src/main/c/twislave/twislave.o
txbuffer            0x14              ./src/main/c/twislave/twislave.o
rxbuffer            0x14              ./src/main/c/twislave/twislave.o

Memory Configuration

Name             Origin             Length             Attributes
text             0x0000000000000000 0x0000000000002000 xr
data             0x0000000000800060 0x000000000000ffa0 rw !x
eeprom           0x0000000000810000 0x0000000000010000 rw !x
fuse             0x0000000000820000 0x0000000000000400 rw !x
lock             0x0000000000830000 0x0000000000000400 rw !x
signature        0x0000000000840000 0x0000000000000400 rw !x
user_signatures  0x0000000000850000 0x0000000000000400 rw !x
*default*        0x0000000000000000 0xffffffffffffffff

Linker script and memory map

LOAD /usr/lib/gcc/avr/4.8.1/../../../avr/lib/avr4/crtm8.o
LOAD ./src/main/c/twislave/twislave.o
LOAD ./src/main/c/twi_sample/TWI_Slave/Delay.o
LOAD ./src/main/c/twi_sample/TWI_Slave/TWI_Slave.o
LOAD ./src/main/c/adc_sample/adc-sample.o
LOAD ./src/main/c/twi-slave-from-sample.o
LOAD ./src/main/c/twislave-main.o
START GROUP
LOAD /usr/lib/gcc/avr/4.8.1/avr4/libgcc.a
LOAD /usr/lib/gcc/avr/4.8.1/../../../avr/lib/avr4/libm.a
LOAD /usr/lib/gcc/avr/4.8.1/../../../avr/lib/avr4/libc.a
END GROUP

.hash
 *(.hash)

.dynsym
 *(.dynsym)

.dynstr
 *(.dynstr)

.gnu.version
 *(.gnu.version)

.gnu.version_d
 *(.gnu.version_d)

.gnu.version_r
 *(.gnu.version_r)

.rel.init
 *(.rel.init)

.rela.init
 *(.rela.init)

.rel.text
 *(.rel.text)
 *(.rel.text.*)
 *(.rel.gnu.linkonce.t*)

.rela.text
 *(.rela.text)
 *(.rela.text.*)
 *(.rela.gnu.linkonce.t*)

.rel.fini
 *(.rel.fini)

.rela.fini
 *(.rela.fini)

.rel.rodata
 *(.rel.rodata)
 *(.rel.rodata.*)
 *(.rel.gnu.linkonce.r*)

.rela.rodata
 *(.rela.rodata)
 *(.rela.rodata.*)
 *(.rela.gnu.linkonce.r*)

.rel.data
 *(.rel.data)
 *(.rel.data.*)
 *(.rel.gnu.linkonce.d*)

.rela.data
 *(.rela.data)
 *(.rela.data.*)
 *(.rela.gnu.linkonce.d*)

.rel.ctors
 *(.rel.ctors)

.rela.ctors
 *(.rela.ctors)

.rel.dtors
 *(.rel.dtors)

.rela.dtors
 *(.rela.dtors)

.rel.got
 *(.rel.got)

.rela.got
 *(.rela.got)

.rel.bss
 *(.rel.bss)

.rela.bss
 *(.rela.bss)

.rel.plt
 *(.rel.plt)

.rela.plt
 *(.rela.plt)

.text           0x0000000000000000      0xf28
 *(.vectors)
 .vectors       0x0000000000000000       0x26 /usr/lib/gcc/avr/4.8.1/../../../avr/lib/avr4/crtm8.o
                0x0000000000000000                __vectors
                0x0000000000000000                __vector_default
 *(.vectors)
 *(.progmem.gcc*)
                0x0000000000000026                . = ALIGN (0x2)
                0x0000000000000026                __trampolines_start = .
 *(.trampolines)
 .trampolines   0x0000000000000026        0x0 linker stubs
 *(.trampolines*)
                0x0000000000000026                __trampolines_end = .
 *(.progmem*)
                0x0000000000000026                . = ALIGN (0x2)
 *(.jumptables)
 *(.jumptables*)
 *(.lowtext)
 *(.lowtext*)
                0x0000000000000026                __ctors_start = .
 *(.ctors)
                0x0000000000000026                __ctors_end = .
                0x0000000000000026                __dtors_start = .
 *(.dtors)
                0x0000000000000026                __dtors_end = .
 SORT(*)(.ctors)
 SORT(*)(.dtors)
 *(.init0)
 .init0         0x0000000000000026        0x0 /usr/lib/gcc/avr/4.8.1/../../../avr/lib/avr4/crtm8.o
                0x0000000000000026                __init
 *(.init0)
 *(.init1)
 *(.init1)
 *(.init2)
 .init2         0x0000000000000026        0xc /usr/lib/gcc/avr/4.8.1/../../../avr/lib/avr4/crtm8.o
 *(.init2)
 *(.init3)
 *(.init3)
 *(.init4)
 .init4         0x0000000000000032       0x10 /usr/lib/gcc/avr/4.8.1/avr4/libgcc.a(_clear_bss.o)
                0x0000000000000032                __do_clear_bss
 *(.init4)
 *(.init5)
 *(.init5)
 *(.init6)
 *(.init6)
 *(.init7)
 *(.init7)
 *(.init8)
 *(.init8)
 *(.init9)
 .init9         0x0000000000000042        0x4 /usr/lib/gcc/avr/4.8.1/../../../avr/lib/avr4/crtm8.o
 *(.init9)
 *(.text)
 .text          0x0000000000000046        0x2 /usr/lib/gcc/avr/4.8.1/../../../avr/lib/avr4/crtm8.o
                0x0000000000000046                __vector_1
                0x0000000000000046                __vector_12
                0x0000000000000046                __bad_interrupt
                0x0000000000000046                __vector_6
                0x0000000000000046                __vector_3
                0x0000000000000046                __vector_11
                0x0000000000000046                __vector_13
                0x0000000000000046                __vector_7
                0x0000000000000046                __vector_5
                0x0000000000000046                __vector_4
                0x0000000000000046                __vector_9
                0x0000000000000046                __vector_2
                0x0000000000000046                __vector_15
                0x0000000000000046                __vector_8
                0x0000000000000046                __vector_14
                0x0000000000000046                __vector_10
                0x0000000000000046                __vector_16
                0x0000000000000046                __vector_18
 .text          0x0000000000000048        0x0 ./src/main/c/twislave/twislave.o
 .text          0x0000000000000048        0x0 ./src/main/c/twi_sample/TWI_Slave/Delay.o
 .text          0x0000000000000048        0x0 ./src/main/c/twi_sample/TWI_Slave/TWI_Slave.o
 .text          0x0000000000000048        0x0 ./src/main/c/adc_sample/adc-sample.o
 .text          0x0000000000000048        0x0 ./src/main/c/twi-slave-from-sample.o
 .text          0x0000000000000048        0x0 ./src/main/c/twislave-main.o
 .text          0x0000000000000048        0x0 /usr/lib/gcc/avr/4.8.1/avr4/libgcc.a(_udivmodsi4.o)
 .text          0x0000000000000048        0x0 /usr/lib/gcc/avr/4.8.1/avr4/libgcc.a(_exit.o)
 .text          0x0000000000000048        0x0 /usr/lib/gcc/avr/4.8.1/avr4/libgcc.a(_clear_bss.o)
                0x0000000000000048                . = ALIGN (0x2)
 *(.text.*)
 .text.init_twi_slave
                0x0000000000000048       0x4c ./src/main/c/twislave/twislave.o
                0x0000000000000048                init_twi_slave
 .text.__vector_17
                0x0000000000000094      0x152 ./src/main/c/twislave/twislave.o
                0x0000000000000094                __vector_17
 .text.Delayloop32
                0x00000000000001e6       0x48 ./src/main/c/twi_sample/TWI_Slave/Delay.o
                0x00000000000001e6                Delayloop32
 .text.TWIS_Init
                0x000000000000022e       0x90 ./src/main/c/twi_sample/TWI_Slave/TWI_Slave.o
                0x000000000000022e                TWIS_Init
 .text.TWIS_Stop
                0x00000000000002be       0x18 ./src/main/c/twi_sample/TWI_Slave/TWI_Slave.o
                0x00000000000002be                TWIS_Stop
 .text.TWIS_Write
                0x00000000000002d6       0x36 ./src/main/c/twi_sample/TWI_Slave/TWI_Slave.o
                0x00000000000002d6                TWIS_Write
 .text.TWIS_ReadAck
                0x000000000000030c       0x2e ./src/main/c/twi_sample/TWI_Slave/TWI_Slave.o
                0x000000000000030c                TWIS_ReadAck
 .text.TWIS_ReadNack
                0x000000000000033a       0x2e ./src/main/c/twi_sample/TWI_Slave/TWI_Slave.o
                0x000000000000033a                TWIS_ReadNack
 .text.TWIS_ResonseRequired
                0x0000000000000368       0x32 ./src/main/c/twi_sample/TWI_Slave/TWI_Slave.o
                0x0000000000000368                TWIS_ResonseRequired
 .text.main2    0x000000000000039a       0x86 ./src/main/c/adc_sample/adc-sample.o
                0x000000000000039a                main2
 .text.writeReadTwiData
                0x0000000000000420      0x10c ./src/main/c/twi-slave-from-sample.o
                0x0000000000000420                writeReadTwiData
 .text.setDirectionToForward
                0x000000000000052c       0x32 ./src/main/c/twi-slave-from-sample.o
                0x000000000000052c                setDirectionToForward
 .text.setDirectionToBackward
                0x000000000000055e       0x32 ./src/main/c/twi-slave-from-sample.o
                0x000000000000055e                setDirectionToBackward
 .text.setDirection
                0x0000000000000590       0x3e ./src/main/c/twi-slave-from-sample.o
                0x0000000000000590                setDirection
 .text.setOcr   0x00000000000005ce      0x174 ./src/main/c/twi-slave-from-sample.o
                0x00000000000005ce                setOcr
 .text.setOcr2  0x0000000000000742      0x192 ./src/main/c/twi-slave-from-sample.o
                0x0000000000000742                setOcr2
 .text.initOcr  0x00000000000008d4       0x22 ./src/main/c/twi-slave-from-sample.o
                0x00000000000008d4                initOcr
 .text.initOcr2
                0x00000000000008f6       0x4c ./src/main/c/twi-slave-from-sample.o
                0x00000000000008f6                initOcr2
 .text._main    0x0000000000000942      0x114 ./src/main/c/twi-slave-from-sample.o
                0x0000000000000942                _main
 .text.Initialisierung
                0x0000000000000a56       0x16 ./src/main/c/twislave-main.o
                0x0000000000000a56                Initialisierung
 .text.initOcr2t
                0x0000000000000a6c       0x4c ./src/main/c/twislave-main.o
                0x0000000000000a6c                initOcr2t
 .text.readTwiData
                0x0000000000000ab8       0xea ./src/main/c/twislave-main.o
                0x0000000000000ab8                readTwiData
 .text.setOcr2t
                0x0000000000000ba2      0x19e ./src/main/c/twislave-main.o
                0x0000000000000ba2                setOcr2t
 .text.setDirectionToForwardt
                0x0000000000000d40       0x32 ./src/main/c/twislave-main.o
                0x0000000000000d40                setDirectionToForwardt
 .text.setDirectionToBackwardt
                0x0000000000000d72       0x32 ./src/main/c/twislave-main.o
                0x0000000000000d72                setDirectionToBackwardt
 .text.setDirectiont
                0x0000000000000da4       0x3e ./src/main/c/twislave-main.o
                0x0000000000000da4                setDirectiont
 .text.main     0x0000000000000de2       0xfe ./src/main/c/twislave-main.o
                0x0000000000000de2                main
 .text.libgcc.mul
                0x0000000000000ee0        0x0 /usr/lib/gcc/avr/4.8.1/avr4/libgcc.a(_udivmodsi4.o)
 .text.libgcc.div
                0x0000000000000ee0       0x44 /usr/lib/gcc/avr/4.8.1/avr4/libgcc.a(_udivmodsi4.o)
                0x0000000000000ee0                __udivmodsi4
 .text.libgcc   0x0000000000000f24        0x0 /usr/lib/gcc/avr/4.8.1/avr4/libgcc.a(_udivmodsi4.o)
 .text.libgcc.prologue
                0x0000000000000f24        0x0 /usr/lib/gcc/avr/4.8.1/avr4/libgcc.a(_udivmodsi4.o)
 .text.libgcc.builtins
                0x0000000000000f24        0x0 /usr/lib/gcc/avr/4.8.1/avr4/libgcc.a(_udivmodsi4.o)
 .text.libgcc.fmul
                0x0000000000000f24        0x0 /usr/lib/gcc/avr/4.8.1/avr4/libgcc.a(_udivmodsi4.o)
 .text.libgcc.fixed
                0x0000000000000f24        0x0 /usr/lib/gcc/avr/4.8.1/avr4/libgcc.a(_udivmodsi4.o)
 .text.libgcc.mul
                0x0000000000000f24        0x0 /usr/lib/gcc/avr/4.8.1/avr4/libgcc.a(_exit.o)
 .text.libgcc.div
                0x0000000000000f24        0x0 /usr/lib/gcc/avr/4.8.1/avr4/libgcc.a(_exit.o)
 .text.libgcc   0x0000000000000f24        0x0 /usr/lib/gcc/avr/4.8.1/avr4/libgcc.a(_exit.o)
 .text.libgcc.prologue
                0x0000000000000f24        0x0 /usr/lib/gcc/avr/4.8.1/avr4/libgcc.a(_exit.o)
 .text.libgcc.builtins
                0x0000000000000f24        0x0 /usr/lib/gcc/avr/4.8.1/avr4/libgcc.a(_exit.o)
 .text.libgcc.fmul
                0x0000000000000f24        0x0 /usr/lib/gcc/avr/4.8.1/avr4/libgcc.a(_exit.o)
 .text.libgcc.fixed
                0x0000000000000f24        0x0 /usr/lib/gcc/avr/4.8.1/avr4/libgcc.a(_exit.o)
 .text.libgcc.mul
                0x0000000000000f24        0x0 /usr/lib/gcc/avr/4.8.1/avr4/libgcc.a(_clear_bss.o)
 .text.libgcc.div
                0x0000000000000f24        0x0 /usr/lib/gcc/avr/4.8.1/avr4/libgcc.a(_clear_bss.o)
 .text.libgcc   0x0000000000000f24        0x0 /usr/lib/gcc/avr/4.8.1/avr4/libgcc.a(_clear_bss.o)
 .text.libgcc.prologue
                0x0000000000000f24        0x0 /usr/lib/gcc/avr/4.8.1/avr4/libgcc.a(_clear_bss.o)
 .text.libgcc.builtins
                0x0000000000000f24        0x0 /usr/lib/gcc/avr/4.8.1/avr4/libgcc.a(_clear_bss.o)
 .text.libgcc.fmul
                0x0000000000000f24        0x0 /usr/lib/gcc/avr/4.8.1/avr4/libgcc.a(_clear_bss.o)
 .text.libgcc.fixed
                0x0000000000000f24        0x0 /usr/lib/gcc/avr/4.8.1/avr4/libgcc.a(_clear_bss.o)
                0x0000000000000f24                . = ALIGN (0x2)
 *(.fini9)
 .fini9         0x0000000000000f24        0x0 /usr/lib/gcc/avr/4.8.1/avr4/libgcc.a(_exit.o)
                0x0000000000000f24                exit
                0x0000000000000f24                _exit
 *(.fini9)
 *(.fini8)
 *(.fini8)
 *(.fini7)
 *(.fini7)
 *(.fini6)
 *(.fini6)
 *(.fini5)
 *(.fini5)
 *(.fini4)
 *(.fini4)
 *(.fini3)
 *(.fini3)
 *(.fini2)
 *(.fini2)
 *(.fini1)
 *(.fini1)
 *(.fini0)
 .fini0         0x0000000000000f24        0x4 /usr/lib/gcc/avr/4.8.1/avr4/libgcc.a(_exit.o)
 *(.fini0)
                0x0000000000000f28                _etext = .

.data           0x0000000000800060        0x0 load address 0x0000000000000f28
                0x0000000000800060                PROVIDE (__data_start, .)
 *(.data)
 .data          0x0000000000800060        0x0 /usr/lib/gcc/avr/4.8.1/../../../avr/lib/avr4/crtm8.o
 .data          0x0000000000800060        0x0 ./src/main/c/twislave/twislave.o
 .data          0x0000000000800060        0x0 ./src/main/c/twi_sample/TWI_Slave/Delay.o
 .data          0x0000000000800060        0x0 ./src/main/c/twi_sample/TWI_Slave/TWI_Slave.o
 .data          0x0000000000800060        0x0 ./src/main/c/adc_sample/adc-sample.o
 .data          0x0000000000800060        0x0 ./src/main/c/twi-slave-from-sample.o
 .data          0x0000000000800060        0x0 ./src/main/c/twislave-main.o
 .data          0x0000000000800060        0x0 /usr/lib/gcc/avr/4.8.1/avr4/libgcc.a(_udivmodsi4.o)
 .data          0x0000000000800060        0x0 /usr/lib/gcc/avr/4.8.1/avr4/libgcc.a(_exit.o)
 .data          0x0000000000800060        0x0 /usr/lib/gcc/avr/4.8.1/avr4/libgcc.a(_clear_bss.o)
 *(.data*)
 *(.rodata)
 *(.rodata*)
 *(.gnu.linkonce.d*)
                0x0000000000800060                . = ALIGN (0x2)
                0x0000000000800060                _edata = .
                0x0000000000800060                PROVIDE (__data_end, .)

.bss            0x0000000000800060       0x29
                0x0000000000800060                PROVIDE (__bss_start, .)
 *(.bss)
 .bss           0x0000000000800060        0x0 /usr/lib/gcc/avr/4.8.1/../../../avr/lib/avr4/crtm8.o
 .bss           0x0000000000800060        0x0 ./src/main/c/twislave/twislave.o
 .bss           0x0000000000800060        0x0 ./src/main/c/twi_sample/TWI_Slave/Delay.o
 .bss           0x0000000000800060        0x0 ./src/main/c/twi_sample/TWI_Slave/TWI_Slave.o
 .bss           0x0000000000800060        0x0 ./src/main/c/adc_sample/adc-sample.o
 .bss           0x0000000000800060        0x0 ./src/main/c/twi-slave-from-sample.o
 .bss           0x0000000000800060        0x0 ./src/main/c/twislave-main.o
 .bss           0x0000000000800060        0x0 /usr/lib/gcc/avr/4.8.1/avr4/libgcc.a(_udivmodsi4.o)
 .bss           0x0000000000800060        0x0 /usr/lib/gcc/avr/4.8.1/avr4/libgcc.a(_exit.o)
 .bss           0x0000000000800060        0x0 /usr/lib/gcc/avr/4.8.1/avr4/libgcc.a(_clear_bss.o)
 *(.bss*)
 *(COMMON)
 COMMON         0x0000000000800060       0x29 ./src/main/c/twislave/twislave.o
                0x0000000000800060                buffer_adr
                0x0000000000800061                txbuffer
                0x0000000000800075                rxbuffer
                0x0000000000800089                PROVIDE (__bss_end, .)
                0x0000000000000f28                __data_load_start = LOADADDR (.data)
                0x0000000000000f28                __data_load_end = (__data_load_start + SIZEOF (.data))

.noinit         0x0000000000800089        0x0
                0x0000000000800089                PROVIDE (__noinit_start, .)
 *(.noinit*)
                0x0000000000800089                PROVIDE (__noinit_end, .)
                0x0000000000800089                _end = .
                0x0000000000800089                PROVIDE (__heap_start, .)

.eeprom         0x0000000000810000        0x0
 *(.eeprom*)
                0x0000000000810000                __eeprom_end = .

.fuse
 *(.fuse)
 *(.lfuse)
 *(.hfuse)
 *(.efuse)

.lock
 *(.lock*)

.signature
 *(.signature*)

.user_signatures
 *(.user_signatures*)

.stab           0x0000000000000000     0x21fc
 *(.stab)
 .stab          0x0000000000000000      0x6a8 ./src/main/c/twislave/twislave.o
 .stab          0x00000000000006a8      0x300 ./src/main/c/twi_sample/TWI_Slave/Delay.o
                                        0x4c8 (size before relaxing)
 .stab          0x00000000000009a8      0x54c ./src/main/c/twi_sample/TWI_Slave/TWI_Slave.o
                                        0x708 (size before relaxing)
 .stab          0x0000000000000ef4      0x354 ./src/main/c/adc_sample/adc-sample.o
                                        0x570 (size before relaxing)
 .stab          0x0000000000001248      0x870 ./src/main/c/twi-slave-from-sample.o
                                        0xaa4 (size before relaxing)
 .stab          0x0000000000001ab8      0x744 ./src/main/c/twislave-main.o
                                        0x90c (size before relaxing)

.stabstr        0x0000000000000000     0x1426
 *(.stabstr)
 .stabstr       0x0000000000000000     0x1426 ./src/main/c/twislave/twislave.o

.stab.excl
 *(.stab.excl)

.stab.exclstr
 *(.stab.exclstr)

.stab.index
 *(.stab.index)

.stab.indexstr
 *(.stab.indexstr)

.comment        0x0000000000000000       0x11
 *(.comment)
 .comment       0x0000000000000000       0x11 ./src/main/c/twislave/twislave.o
                                         0x12 (size before relaxing)
 .comment       0x0000000000000000       0x12 ./src/main/c/twi_sample/TWI_Slave/Delay.o
 .comment       0x0000000000000000       0x12 ./src/main/c/twi_sample/TWI_Slave/TWI_Slave.o
 .comment       0x0000000000000000       0x12 ./src/main/c/adc_sample/adc-sample.o
 .comment       0x0000000000000000       0x12 ./src/main/c/twi-slave-from-sample.o
 .comment       0x0000000000000000       0x12 ./src/main/c/twislave-main.o

.note.gnu.build-id
 *(.note.gnu.build-id)

.debug
 *(.debug)

.line
 *(.line)

.debug_srcinfo
 *(.debug_srcinfo)

.debug_sfnames
 *(.debug_sfnames)

.debug_aranges
 *(.debug_aranges)

.debug_pubnames
 *(.debug_pubnames)

.debug_info
 *(.debug_info .gnu.linkonce.wi.*)

.debug_abbrev
 *(.debug_abbrev)

.debug_line
 *(.debug_line .debug_line.* .debug_line_end)

.debug_frame
 *(.debug_frame)

.debug_str
 *(.debug_str)

.debug_loc
 *(.debug_loc)

.debug_macinfo
 *(.debug_macinfo)

.debug_weaknames
 *(.debug_weaknames)

.debug_funcnames
 *(.debug_funcnames)

.debug_typenames
 *(.debug_typenames)

.debug_varnames
 *(.debug_varnames)

.debug_pubtypes
 *(.debug_pubtypes)

.debug_ranges
 *(.debug_ranges)

.debug_macro
 *(.debug_macro)
OUTPUT(PWM.elf elf32-avr)
LOAD linker stubs
