Archive member included because of file (symbol)

/usr/lib/gcc/avr/4.8.1/avr5/libgcc.a(_udivmodsi4.o)
                              ./src/main/c/twi_sample/TWI_Slave/TWI_Slave.o (__udivmodsi4)
/usr/lib/gcc/avr/4.8.1/avr5/libgcc.a(_exit.o)
                              /usr/lib/gcc/avr/4.8.1/../../../avr/lib/avr5/crtm16.o (exit)
/usr/lib/gcc/avr/4.8.1/avr5/libgcc.a(_clear_bss.o)
                              ./src/main/c/twi/twislave.o (__do_clear_bss)

Allocating common symbols
Common symbol       size              file

buffer_adr          0x1               ./src/main/c/twi/twislave.o
txbuffer            0x2               ./src/main/c/twi/twislave.o
rxbuffer            0x2               ./src/main/c/twi/twislave.o

Discarded input sections

 .bss           0x0000000000000000        0x0 /usr/lib/gcc/avr/4.8.1/../../../avr/lib/avr5/crtm16.o
 .text          0x0000000000000000        0x0 ./src/main/c/twi_sample/TWI_Slave/Delay.o
 .bss           0x0000000000000000        0x0 ./src/main/c/twi_sample/TWI_Slave/Delay.o
 .text          0x0000000000000000        0x0 ./src/main/c/twi_sample/TWI_Slave/TWI_Slave.o
 .bss           0x0000000000000000        0x0 ./src/main/c/twi_sample/TWI_Slave/TWI_Slave.o
 .text.TWIS_Stop
                0x0000000000000000       0x18 ./src/main/c/twi_sample/TWI_Slave/TWI_Slave.o
 .text.TWIS_ReadNack
                0x0000000000000000       0x2e ./src/main/c/twi_sample/TWI_Slave/TWI_Slave.o
 .text          0x0000000000000000        0x0 ./src/main/c/twi/twislave.o
 .bss           0x0000000000000000        0x0 ./src/main/c/twi/twislave.o
 .text.init_twi_slave
                0x0000000000000000       0x4a ./src/main/c/twi/twislave.o
 .text          0x0000000000000000        0x0 ./src/main/c/twi-slave-from-sample.o
 .bss           0x0000000000000000        0x0 ./src/main/c/twi-slave-from-sample.o
 .text          0x0000000000000000        0x0 /usr/lib/gcc/avr/4.8.1/avr5/libgcc.a(_udivmodsi4.o)
 .bss           0x0000000000000000        0x0 /usr/lib/gcc/avr/4.8.1/avr5/libgcc.a(_udivmodsi4.o)
 .text.libgcc.mul
                0x0000000000000000        0x0 /usr/lib/gcc/avr/4.8.1/avr5/libgcc.a(_udivmodsi4.o)
 .text.libgcc   0x0000000000000000        0x0 /usr/lib/gcc/avr/4.8.1/avr5/libgcc.a(_udivmodsi4.o)
 .text.libgcc.prologue
                0x0000000000000000        0x0 /usr/lib/gcc/avr/4.8.1/avr5/libgcc.a(_udivmodsi4.o)
 .text.libgcc.builtins
                0x0000000000000000        0x0 /usr/lib/gcc/avr/4.8.1/avr5/libgcc.a(_udivmodsi4.o)
 .text.libgcc.fmul
                0x0000000000000000        0x0 /usr/lib/gcc/avr/4.8.1/avr5/libgcc.a(_udivmodsi4.o)
 .text.libgcc.fixed
                0x0000000000000000        0x0 /usr/lib/gcc/avr/4.8.1/avr5/libgcc.a(_udivmodsi4.o)
 .text          0x0000000000000000        0x0 /usr/lib/gcc/avr/4.8.1/avr5/libgcc.a(_exit.o)
 .bss           0x0000000000000000        0x0 /usr/lib/gcc/avr/4.8.1/avr5/libgcc.a(_exit.o)
 .text.libgcc.mul
                0x0000000000000000        0x0 /usr/lib/gcc/avr/4.8.1/avr5/libgcc.a(_exit.o)
 .text.libgcc.div
                0x0000000000000000        0x0 /usr/lib/gcc/avr/4.8.1/avr5/libgcc.a(_exit.o)
 .text.libgcc   0x0000000000000000        0x0 /usr/lib/gcc/avr/4.8.1/avr5/libgcc.a(_exit.o)
 .text.libgcc.prologue
                0x0000000000000000        0x0 /usr/lib/gcc/avr/4.8.1/avr5/libgcc.a(_exit.o)
 .text.libgcc.builtins
                0x0000000000000000        0x0 /usr/lib/gcc/avr/4.8.1/avr5/libgcc.a(_exit.o)
 .text.libgcc.fmul
                0x0000000000000000        0x0 /usr/lib/gcc/avr/4.8.1/avr5/libgcc.a(_exit.o)
 .text.libgcc.fixed
                0x0000000000000000        0x0 /usr/lib/gcc/avr/4.8.1/avr5/libgcc.a(_exit.o)
 .text          0x0000000000000000        0x0 /usr/lib/gcc/avr/4.8.1/avr5/libgcc.a(_clear_bss.o)
 .bss           0x0000000000000000        0x0 /usr/lib/gcc/avr/4.8.1/avr5/libgcc.a(_clear_bss.o)
 .text.libgcc.mul
                0x0000000000000000        0x0 /usr/lib/gcc/avr/4.8.1/avr5/libgcc.a(_clear_bss.o)
 .text.libgcc.div
                0x0000000000000000        0x0 /usr/lib/gcc/avr/4.8.1/avr5/libgcc.a(_clear_bss.o)
 .text.libgcc   0x0000000000000000        0x0 /usr/lib/gcc/avr/4.8.1/avr5/libgcc.a(_clear_bss.o)
 .text.libgcc.prologue
                0x0000000000000000        0x0 /usr/lib/gcc/avr/4.8.1/avr5/libgcc.a(_clear_bss.o)
 .text.libgcc.builtins
                0x0000000000000000        0x0 /usr/lib/gcc/avr/4.8.1/avr5/libgcc.a(_clear_bss.o)
 .text.libgcc.fmul
                0x0000000000000000        0x0 /usr/lib/gcc/avr/4.8.1/avr5/libgcc.a(_clear_bss.o)
 .text.libgcc.fixed
                0x0000000000000000        0x0 /usr/lib/gcc/avr/4.8.1/avr5/libgcc.a(_clear_bss.o)

Memory Configuration

Name             Origin             Length             Attributes
text             0x0000000000000000 0x0000000000020000 xr
data             0x0000000000800060 0x000000000000ffa0 rw !x
eeprom           0x0000000000810000 0x0000000000010000 rw !x
fuse             0x0000000000820000 0x0000000000000400 rw !x
lock             0x0000000000830000 0x0000000000000400 rw !x
signature        0x0000000000840000 0x0000000000000400 rw !x
user_signatures  0x0000000000850000 0x0000000000000400 rw !x
*default*        0x0000000000000000 0xffffffffffffffff

Linker script and memory map

LOAD /usr/lib/gcc/avr/4.8.1/../../../avr/lib/avr5/crtm16.o
LOAD ./src/main/c/twi_sample/TWI_Slave/Delay.o
LOAD ./src/main/c/twi_sample/TWI_Slave/TWI_Slave.o
LOAD ./src/main/c/twi/twislave.o
LOAD ./src/main/c/twi-slave-from-sample.o
LOAD /usr/lib/gcc/avr/4.8.1/avr5/libgcc.a
LOAD /usr/lib/gcc/avr/4.8.1/../../../avr/lib/avr5/libm.a
START GROUP
LOAD /usr/lib/gcc/avr/4.8.1/avr5/libgcc.a
LOAD /usr/lib/gcc/avr/4.8.1/../../../avr/lib/avr5/libm.a
LOAD /usr/lib/gcc/avr/4.8.1/../../../avr/lib/avr5/libc.a
END GROUP

.hash
 *(.hash)

.dynsym
 *(.dynsym)

.dynstr
 *(.dynstr)

.gnu.version
 *(.gnu.version)

.gnu.version_d
 *(.gnu.version_d)

.gnu.version_r
 *(.gnu.version_r)

.rel.init
 *(.rel.init)

.rela.init
 *(.rela.init)

.rel.text
 *(.rel.text)
 *(.rel.text.*)
 *(.rel.gnu.linkonce.t*)

.rela.text
 *(.rela.text)
 *(.rela.text.*)
 *(.rela.gnu.linkonce.t*)

.rel.fini
 *(.rel.fini)

.rela.fini
 *(.rela.fini)

.rel.rodata
 *(.rel.rodata)
 *(.rel.rodata.*)
 *(.rel.gnu.linkonce.r*)

.rela.rodata
 *(.rela.rodata)
 *(.rela.rodata.*)
 *(.rela.gnu.linkonce.r*)

.rel.data
 *(.rel.data)
 *(.rel.data.*)
 *(.rel.gnu.linkonce.d*)

.rela.data
 *(.rela.data)
 *(.rela.data.*)
 *(.rela.gnu.linkonce.d*)

.rel.ctors
 *(.rel.ctors)

.rela.ctors
 *(.rela.ctors)

.rel.dtors
 *(.rel.dtors)

.rela.dtors
 *(.rela.dtors)

.rel.got
 *(.rel.got)

.rela.got
 *(.rela.got)

.rel.bss
 *(.rel.bss)

.rela.bss
 *(.rela.bss)

.rel.plt
 *(.rel.plt)

.rela.plt
 *(.rela.plt)

.text           0x0000000000000000      0x420
 *(.vectors)
 .vectors       0x0000000000000000       0x54 /usr/lib/gcc/avr/4.8.1/../../../avr/lib/avr5/crtm16.o
                0x0000000000000000                __vectors
                0x0000000000000000                __vector_default
 *(.vectors)
 *(.progmem.gcc*)
                0x0000000000000054                . = ALIGN (0x2)
                0x0000000000000054                __trampolines_start = .
 *(.trampolines)
 .trampolines   0x0000000000000054        0x0 linker stubs
 *(.trampolines*)
                0x0000000000000054                __trampolines_end = .
 *(.progmem*)
                0x0000000000000054                . = ALIGN (0x2)
 *(.jumptables)
 *(.jumptables*)
 *(.lowtext)
 *(.lowtext*)
                0x0000000000000054                __ctors_start = .
 *(.ctors)
                0x0000000000000054                __ctors_end = .
                0x0000000000000054                __dtors_start = .
 *(.dtors)
                0x0000000000000054                __dtors_end = .
 SORT(*)(.ctors)
 SORT(*)(.dtors)
 *(.init0)
 .init0         0x0000000000000054        0x0 /usr/lib/gcc/avr/4.8.1/../../../avr/lib/avr5/crtm16.o
                0x0000000000000054                __init
 *(.init0)
 *(.init1)
 *(.init1)
 *(.init2)
 .init2         0x0000000000000054        0xc /usr/lib/gcc/avr/4.8.1/../../../avr/lib/avr5/crtm16.o
 *(.init2)
 *(.init3)
 *(.init3)
 *(.init4)
 .init4         0x0000000000000060       0x10 /usr/lib/gcc/avr/4.8.1/avr5/libgcc.a(_clear_bss.o)
                0x0000000000000060                __do_clear_bss
 *(.init4)
 *(.init5)
 *(.init5)
 *(.init6)
 *(.init6)
 *(.init7)
 *(.init7)
 *(.init8)
 *(.init8)
 *(.init9)
 .init9         0x0000000000000070        0x4 /usr/lib/gcc/avr/4.8.1/../../../avr/lib/avr5/crtm16.o
 *(.init9)
 *(.text)
 .text          0x0000000000000074        0x2 /usr/lib/gcc/avr/4.8.1/../../../avr/lib/avr5/crtm16.o
                0x0000000000000074                __vector_1
                0x0000000000000074                __vector_12
                0x0000000000000074                __bad_interrupt
                0x0000000000000074                __vector_6
                0x0000000000000074                __vector_3
                0x0000000000000074                __vector_11
                0x0000000000000074                __vector_13
                0x0000000000000074                __vector_19
                0x0000000000000074                __vector_7
                0x0000000000000074                __vector_5
                0x0000000000000074                __vector_4
                0x0000000000000074                __vector_9
                0x0000000000000074                __vector_2
                0x0000000000000074                __vector_15
                0x0000000000000074                __vector_8
                0x0000000000000074                __vector_14
                0x0000000000000074                __vector_10
                0x0000000000000074                __vector_16
                0x0000000000000074                __vector_18
                0x0000000000000074                __vector_20
                0x0000000000000076                . = ALIGN (0x2)
 *(.text.*)
 .text.Delayloop32
                0x0000000000000076       0x48 ./src/main/c/twi_sample/TWI_Slave/Delay.o
                0x0000000000000076                Delayloop32
 .text.TWIS_Init
                0x00000000000000be       0x90 ./src/main/c/twi_sample/TWI_Slave/TWI_Slave.o
                0x00000000000000be                TWIS_Init
 .text.TWIS_Write
                0x000000000000014e       0x36 ./src/main/c/twi_sample/TWI_Slave/TWI_Slave.o
                0x000000000000014e                TWIS_Write
 .text.TWIS_ReadAck
                0x0000000000000184       0x2e ./src/main/c/twi_sample/TWI_Slave/TWI_Slave.o
                0x0000000000000184                TWIS_ReadAck
 .text.TWIS_ResonseRequired
                0x00000000000001b2       0x32 ./src/main/c/twi_sample/TWI_Slave/TWI_Slave.o
                0x00000000000001b2                TWIS_ResonseRequired
 .text.__vector_17
                0x00000000000001e4      0x152 ./src/main/c/twi/twislave.o
                0x00000000000001e4                __vector_17
 .text.main     0x0000000000000336       0xa2 ./src/main/c/twi-slave-from-sample.o
                0x0000000000000336                main
 .text.libgcc.div
                0x00000000000003d8       0x44 /usr/lib/gcc/avr/4.8.1/avr5/libgcc.a(_udivmodsi4.o)
                0x00000000000003d8                __udivmodsi4
                0x000000000000041c                . = ALIGN (0x2)
 *(.fini9)
 .fini9         0x000000000000041c        0x0 /usr/lib/gcc/avr/4.8.1/avr5/libgcc.a(_exit.o)
                0x000000000000041c                exit
                0x000000000000041c                _exit
 *(.fini9)
 *(.fini8)
 *(.fini8)
 *(.fini7)
 *(.fini7)
 *(.fini6)
 *(.fini6)
 *(.fini5)
 *(.fini5)
 *(.fini4)
 *(.fini4)
 *(.fini3)
 *(.fini3)
 *(.fini2)
 *(.fini2)
 *(.fini1)
 *(.fini1)
 *(.fini0)
 .fini0         0x000000000000041c        0x4 /usr/lib/gcc/avr/4.8.1/avr5/libgcc.a(_exit.o)
 *(.fini0)
                0x0000000000000420                _etext = .

.data           0x0000000000800060        0x0 load address 0x0000000000000420
                0x0000000000800060                PROVIDE (__data_start, .)
 *(.data)
 .data          0x0000000000800060        0x0 /usr/lib/gcc/avr/4.8.1/../../../avr/lib/avr5/crtm16.o
 .data          0x0000000000800060        0x0 ./src/main/c/twi_sample/TWI_Slave/Delay.o
 .data          0x0000000000800060        0x0 ./src/main/c/twi_sample/TWI_Slave/TWI_Slave.o
 .data          0x0000000000800060        0x0 ./src/main/c/twi/twislave.o
 .data          0x0000000000800060        0x0 ./src/main/c/twi-slave-from-sample.o
 .data          0x0000000000800060        0x0 /usr/lib/gcc/avr/4.8.1/avr5/libgcc.a(_udivmodsi4.o)
 .data          0x0000000000800060        0x0 /usr/lib/gcc/avr/4.8.1/avr5/libgcc.a(_exit.o)
 .data          0x0000000000800060        0x0 /usr/lib/gcc/avr/4.8.1/avr5/libgcc.a(_clear_bss.o)
 *(.data*)
 *(.rodata)
 *(.rodata*)
 *(.gnu.linkonce.d*)
                0x0000000000800060                . = ALIGN (0x2)
                0x0000000000800060                _edata = .
                0x0000000000800060                PROVIDE (__data_end, .)

.bss            0x0000000000800060        0x5
                0x0000000000800060                PROVIDE (__bss_start, .)
 *(.bss)
 *(.bss*)
 *(COMMON)
 COMMON         0x0000000000800060        0x5 ./src/main/c/twi/twislave.o
                0x0000000000800060                buffer_adr
                0x0000000000800061                txbuffer
                0x0000000000800063                rxbuffer
                0x0000000000800065                PROVIDE (__bss_end, .)
                0x0000000000000420                __data_load_start = LOADADDR (.data)
                0x0000000000000420                __data_load_end = (__data_load_start + SIZEOF (.data))

.noinit         0x0000000000800065        0x0
                0x0000000000800065                PROVIDE (__noinit_start, .)
 *(.noinit*)
                0x0000000000800065                PROVIDE (__noinit_end, .)
                0x0000000000800065                _end = .
                0x0000000000800065                PROVIDE (__heap_start, .)

.eeprom         0x0000000000810000        0x0
 *(.eeprom*)
                0x0000000000810000                __eeprom_end = .

.fuse
 *(.fuse)
 *(.lfuse)
 *(.hfuse)
 *(.efuse)

.lock
 *(.lock*)

.signature
 *(.signature*)

.user_signatures
 *(.user_signatures*)

.stab           0x0000000000000000     0x120c
 *(.stab)
 .stab          0x0000000000000000      0x4c8 ./src/main/c/twi_sample/TWI_Slave/Delay.o
 .stab          0x00000000000004c8      0x4c8 ./src/main/c/twi_sample/TWI_Slave/TWI_Slave.o
                                        0x708 (size before relaxing)
 .stab          0x0000000000000990      0x474 ./src/main/c/twi/twislave.o
                                        0x6a8 (size before relaxing)
 .stab          0x0000000000000e04      0x408 ./src/main/c/twi-slave-from-sample.o
                                        0x63c (size before relaxing)

.stabstr        0x0000000000000000     0x101f
 *(.stabstr)
 .stabstr       0x0000000000000000     0x101f ./src/main/c/twi_sample/TWI_Slave/Delay.o

.stab.excl
 *(.stab.excl)

.stab.exclstr
 *(.stab.exclstr)

.stab.index
 *(.stab.index)

.stab.indexstr
 *(.stab.indexstr)

.comment        0x0000000000000000       0x11
 *(.comment)
 .comment       0x0000000000000000       0x11 ./src/main/c/twi_sample/TWI_Slave/Delay.o
                                         0x12 (size before relaxing)
 .comment       0x0000000000000000       0x12 ./src/main/c/twi_sample/TWI_Slave/TWI_Slave.o
 .comment       0x0000000000000000       0x12 ./src/main/c/twi/twislave.o
 .comment       0x0000000000000000       0x12 ./src/main/c/twi-slave-from-sample.o

.note.gnu.build-id
 *(.note.gnu.build-id)

.debug
 *(.debug)

.line
 *(.line)

.debug_srcinfo
 *(.debug_srcinfo)

.debug_sfnames
 *(.debug_sfnames)

.debug_aranges
 *(.debug_aranges)

.debug_pubnames
 *(.debug_pubnames)

.debug_info
 *(.debug_info .gnu.linkonce.wi.*)

.debug_abbrev
 *(.debug_abbrev)

.debug_line
 *(.debug_line .debug_line.* .debug_line_end)

.debug_frame
 *(.debug_frame)

.debug_str
 *(.debug_str)

.debug_loc
 *(.debug_loc)

.debug_macinfo
 *(.debug_macinfo)

.debug_weaknames
 *(.debug_weaknames)

.debug_funcnames
 *(.debug_funcnames)

.debug_typenames
 *(.debug_typenames)

.debug_varnames
 *(.debug_varnames)

.debug_pubtypes
 *(.debug_pubtypes)

.debug_ranges
 *(.debug_ranges)

.debug_macro
 *(.debug_macro)
OUTPUT(PWM.elf elf32-avr)
LOAD linker stubs

Cross Reference Table

Symbol                                            File
Delayloop32                                       ./src/main/c/twi_sample/TWI_Slave/Delay.o
                                                  ./src/main/c/twi-slave-from-sample.o
TWIS_Init                                         ./src/main/c/twi_sample/TWI_Slave/TWI_Slave.o
                                                  ./src/main/c/twi-slave-from-sample.o
TWIS_ReadAck                                      ./src/main/c/twi_sample/TWI_Slave/TWI_Slave.o
                                                  ./src/main/c/twi-slave-from-sample.o
TWIS_ReadNack                                     ./src/main/c/twi_sample/TWI_Slave/TWI_Slave.o
TWIS_ResonseRequired                              ./src/main/c/twi_sample/TWI_Slave/TWI_Slave.o
                                                  ./src/main/c/twi-slave-from-sample.o
TWIS_Stop                                         ./src/main/c/twi_sample/TWI_Slave/TWI_Slave.o
TWIS_Write                                        ./src/main/c/twi_sample/TWI_Slave/TWI_Slave.o
                                                  ./src/main/c/twi-slave-from-sample.o
__bad_interrupt                                   /usr/lib/gcc/avr/4.8.1/../../../avr/lib/avr5/crtm16.o
__bss_end                                         /usr/lib/gcc/avr/4.8.1/avr5/libgcc.a(_clear_bss.o)
__bss_start                                       /usr/lib/gcc/avr/4.8.1/avr5/libgcc.a(_clear_bss.o)
__do_clear_bss                                    /usr/lib/gcc/avr/4.8.1/avr5/libgcc.a(_clear_bss.o)
                                                  ./src/main/c/twi/twislave.o
__heap_end                                        /usr/lib/gcc/avr/4.8.1/../../../avr/lib/avr5/crtm16.o
__init                                            /usr/lib/gcc/avr/4.8.1/../../../avr/lib/avr5/crtm16.o
__stack                                           /usr/lib/gcc/avr/4.8.1/../../../avr/lib/avr5/crtm16.o
__udivmodsi4                                      /usr/lib/gcc/avr/4.8.1/avr5/libgcc.a(_udivmodsi4.o)
                                                  ./src/main/c/twi_sample/TWI_Slave/TWI_Slave.o
__vector_1                                        /usr/lib/gcc/avr/4.8.1/../../../avr/lib/avr5/crtm16.o
__vector_10                                       /usr/lib/gcc/avr/4.8.1/../../../avr/lib/avr5/crtm16.o
__vector_11                                       /usr/lib/gcc/avr/4.8.1/../../../avr/lib/avr5/crtm16.o
__vector_12                                       /usr/lib/gcc/avr/4.8.1/../../../avr/lib/avr5/crtm16.o
__vector_13                                       /usr/lib/gcc/avr/4.8.1/../../../avr/lib/avr5/crtm16.o
__vector_14                                       /usr/lib/gcc/avr/4.8.1/../../../avr/lib/avr5/crtm16.o
__vector_15                                       /usr/lib/gcc/avr/4.8.1/../../../avr/lib/avr5/crtm16.o
__vector_16                                       /usr/lib/gcc/avr/4.8.1/../../../avr/lib/avr5/crtm16.o
__vector_17                                       ./src/main/c/twi/twislave.o
                                                  /usr/lib/gcc/avr/4.8.1/../../../avr/lib/avr5/crtm16.o
__vector_18                                       /usr/lib/gcc/avr/4.8.1/../../../avr/lib/avr5/crtm16.o
__vector_19                                       /usr/lib/gcc/avr/4.8.1/../../../avr/lib/avr5/crtm16.o
__vector_2                                        /usr/lib/gcc/avr/4.8.1/../../../avr/lib/avr5/crtm16.o
__vector_20                                       /usr/lib/gcc/avr/4.8.1/../../../avr/lib/avr5/crtm16.o
__vector_3                                        /usr/lib/gcc/avr/4.8.1/../../../avr/lib/avr5/crtm16.o
__vector_4                                        /usr/lib/gcc/avr/4.8.1/../../../avr/lib/avr5/crtm16.o
__vector_5                                        /usr/lib/gcc/avr/4.8.1/../../../avr/lib/avr5/crtm16.o
__vector_6                                        /usr/lib/gcc/avr/4.8.1/../../../avr/lib/avr5/crtm16.o
__vector_7                                        /usr/lib/gcc/avr/4.8.1/../../../avr/lib/avr5/crtm16.o
__vector_8                                        /usr/lib/gcc/avr/4.8.1/../../../avr/lib/avr5/crtm16.o
__vector_9                                        /usr/lib/gcc/avr/4.8.1/../../../avr/lib/avr5/crtm16.o
__vector_default                                  /usr/lib/gcc/avr/4.8.1/../../../avr/lib/avr5/crtm16.o
__vectors                                         /usr/lib/gcc/avr/4.8.1/../../../avr/lib/avr5/crtm16.o
_exit                                             /usr/lib/gcc/avr/4.8.1/avr5/libgcc.a(_exit.o)
buffer_adr                                        ./src/main/c/twi/twislave.o
exit                                              /usr/lib/gcc/avr/4.8.1/avr5/libgcc.a(_exit.o)
                                                  /usr/lib/gcc/avr/4.8.1/../../../avr/lib/avr5/crtm16.o
init_twi_slave                                    ./src/main/c/twi/twislave.o
main                                              ./src/main/c/twi-slave-from-sample.o
                                                  /usr/lib/gcc/avr/4.8.1/../../../avr/lib/avr5/crtm16.o
rxbuffer                                          ./src/main/c/twi/twislave.o
txbuffer                                          ./src/main/c/twi/twislave.o
